[gate_ablation] 대상 20,000건

기준 양성 5,126건 (20,000건 기준) · 790s

게이트                          Δ양성   1,853환산   ΔPublic 추정  바뀌는 항목
G11 v20 SW 한정              +4962      +460      +0.1439  v20+4962
G2 수의계약 게이트                +3366      +312      +0.0976  v10+276, v11+114, v13+1639, v15+13, v17+164, v18+1160
G14 v12 비경쟁제품 한정           +3166      +293      +0.0918  v12+3166
G3 우선조달 예외 면책               +575       +53      +0.0167  v16+193, v18+382
G12 v20 1억 하한               +438       +41      +0.0127  v20+438
G13 v22 협상 한정               +225       +21      +0.0065  v22+225
G6 금액 유효성(100만원)            +208       +19      +0.0060  v2+12, v6+8, v7+16, v17+82, v18+90
G15 v10 직생 넓은 탐지            +191       +18      +0.0055  v10+191
G1 소액수의 게이트                 +156       +14      +0.0045  v2+156
G5 고시 '…에 한함' 조건            +135       +13      +0.0039  v10+71, v11+43, v13+21
G4 제7조 경쟁입찰 예외                +5        +0      +0.0001  v10+2, v11+1, v13+2
G7 v1 근거 필수                   +0        +0      +0.0000  
G8 v9 '동등' 필터                 +0        +0      +0.0000  
G9 v9·v19 물품 한정               +0        +0      +0.0000  
G10 v19 근거 3중 조건              +0        +0      +0.0000  

ΔPublic 추정 = 20,000건 환산 Δ양성 × 2.9e-5 (실측 기울기). **정밀도 0.8~0.9 가정이므로
실제로는 새 탐지를 손라벨해 정밀도가 0.34를 넘는지 확인해야 한다.**
python3 scripts/gate_ablation.py  779.40s user 5.80s system 98% cpu 13:15.40 total
