/Users/seungwookim/Code/edu/SeSac/contest/DACON_KONEPS/.venv/lib/python3.13/site-packages/transformers/audio_utils.py:821: UserWarning: At least one mel filter has all zero values. The value for `num_mel_filters` (128) may be set too high. Or, the value for `num_frequency_bins` (257) may be set too low.
  warnings.warn(
[eval_extract] [main] 생성 대상 0건 (저장됨 250건)
[eval_extract] [item] 생성 대상 0건 (저장됨 153건)
[eval_extract] [model] 생성 대상 0건 (저장됨 55건)
[eval_extract] [sme] 생성 대상 234건 (저장됨 16건)
[eval_extract]   [sme] 10/234 … 97s (tok=2414)
[eval_extract]   [sme] 20/234 … 181s (tok=2886)
[eval_extract]   [sme] 30/234 … 270s (tok=4886)
[eval_extract]   [sme] 40/234 … 351s (tok=3764)
[eval_extract]   [sme] 50/234 … 436s (tok=2915)
[eval_extract]   [sme] 60/234 … 520s (tok=3619)
[eval_extract]   [sme] 70/234 … 600s (tok=2713)
[eval_extract]   [sme] 80/234 … 676s (tok=2431)
[eval_extract]   [sme] 90/234 … 763s (tok=3251)
[eval_extract]   [sme] 100/234 … 854s (tok=4796)
[eval_extract]   [sme] 110/234 … 940s (tok=3600)
[eval_extract]   [sme] 120/234 … 1011s (tok=2645)
[eval_extract]   [sme] 130/234 … 1097s (tok=2983)
[eval_extract]   [sme] 140/234 … 1187s (tok=3686)
[eval_extract]   [sme] 150/234 … 1271s (tok=3388)
[eval_extract]   [sme] 160/234 … 1360s (tok=3070)
[eval_extract]   [sme] 170/234 … 1446s (tok=2593)
[eval_extract]   [sme] 180/234 … 1537s (tok=3288)
[eval_extract]   [sme] 190/234 … 1625s (tok=3092)
[eval_extract]   [sme] 200/234 … 1713s (tok=3162)
[eval_extract]   [sme] 210/234 … 1804s (tok=3905)
[eval_extract]   [sme] 220/234 … 1897s (tok=3408)
[eval_extract]   [sme] 230/234 … 1996s (tok=2915)
[eval_extract]   [sme] 234/234 … 2036s (tok=2784)
[eval_extract] 생성 완료: main 250건 · item 153건 · model 55건 · sme 250건
/Users/seungwookim/Code/edu/SeSac/contest/DACON_KONEPS/.venv/lib/python3.13/site-packages/transformers/audio_utils.py:821: UserWarning: At least one mel filter has all zero values. The value for `num_mel_filters` (128) may be set too high. Or, the value for `num_frequency_bins` (257) may be set too low.
  warnings.warn(
[eval_extract] [main] 생성 대상 0건 (저장됨 500건)
[eval_extract] [item] 생성 대상 0건 (저장됨 317건)
[eval_extract] [model] 생성 대상 0건 (저장됨 92건)
[eval_extract] [sme] 생성 대상 500건 (저장됨 0건)
[eval_extract]   [sme] 10/500 … 84s (tok=2546)
[eval_extract]   [sme] 20/500 … 167s (tok=3938)
[eval_extract]   [sme] 30/500 … 256s (tok=4287)
[eval_extract]   [sme] 40/500 … 339s (tok=3650)
[eval_extract]   [sme] 50/500 … 442s (tok=3743)
[eval_extract]   [sme] 60/500 … 538s (tok=3386)
[eval_extract]   [sme] 70/500 … 614s (tok=2748)
[eval_extract]   [sme] 80/500 … 698s (tok=4739)
[eval_extract]   [sme] 90/500 … 786s (tok=3113)
[eval_extract]   [sme] 100/500 … 889s (tok=4170)
[eval_extract]   [sme] 110/500 … 987s (tok=4683)
[eval_extract]   [sme] 120/500 … 1077s (tok=2582)
[eval_extract]   [sme] 130/500 … 1171s (tok=3275)
[eval_extract]   [sme] 140/500 … 1263s (tok=3484)
[eval_extract]   [sme] 150/500 … 1353s (tok=2945)
[eval_extract]   [sme] 160/500 … 1433s (tok=3346)
[eval_extract]   [sme] 170/500 … 1515s (tok=4452)
[eval_extract]   [sme] 180/500 … 1616s (tok=3320)
[eval_extract]   [sme] 190/500 … 1706s (tok=3884)
[eval_extract]   [sme] 200/500 … 1797s (tok=4064)
[eval_extract]   [sme] 210/500 … 1887s (tok=3765)
[eval_extract]   [sme] 220/500 … 1971s (tok=2698)
[eval_extract]   [sme] 230/500 … 2059s (tok=4126)
[eval_extract]   [sme] 240/500 … 2155s (tok=4328)
[eval_extract]   [sme] 250/500 … 2237s (tok=2842)
[eval_extract]   [sme] 260/500 … 2318s (tok=5355)
[eval_extract]   [sme] 270/500 … 2408s (tok=5345)
[eval_extract]   [sme] 280/500 … 2506s (tok=3806)
[eval_extract]   [sme] 290/500 … 2588s (tok=5463)
[eval_extract]   [sme] 300/500 … 2689s (tok=4306)
[eval_extract]   [sme] 310/500 … 2776s (tok=4597)
[eval_extract]   [sme] 320/500 … 2861s (tok=2710)
[eval_extract]   [sme] 330/500 … 2954s (tok=3422)
[eval_extract]   [sme] 340/500 … 3052s (tok=3369)
[eval_extract]   [sme] 350/500 … 3148s (tok=3340)
[eval_extract]   [sme] 360/500 … 3229s (tok=3106)
[eval_extract]   [sme] 370/500 … 3304s (tok=2713)
[eval_extract]   [sme] 380/500 … 3386s (tok=2401)
[eval_extract]   [sme] 390/500 … 3479s (tok=5419)
[eval_extract]   [sme] 400/500 … 3559s (tok=2587)
[eval_extract]   [sme] 410/500 … 3637s (tok=2829)
[eval_extract]   [sme] 420/500 … 3729s (tok=3003)
[eval_extract]   [sme] 430/500 … 3824s (tok=3061)
[eval_extract]   [sme] 440/500 … 3918s (tok=3018)
[eval_extract]   [sme] 450/500 … 4014s (tok=3297)
[eval_extract]   [sme] 460/500 … 4102s (tok=2391)
[eval_extract]   [sme] 470/500 … 4184s (tok=2348)
[eval_extract]   [sme] 480/500 … 4268s (tok=3305)
[eval_extract]   [sme] 490/500 … 4349s (tok=2698)
[eval_extract]   [sme] 500/500 … 4435s (tok=3122)
[eval_extract] 생성 완료: main 500건 · item 317건 · model 92건 · sme 500건
