/Users/seungwookim/Code/edu/SeSac/contest/DACON_KONEPS/.venv/lib/python3.13/site-packages/transformers/audio_utils.py:821: UserWarning: At least one mel filter has all zero values. The value for `num_mel_filters` (128) may be set too high. Or, the value for `num_frequency_bins` (257) may be set too low.
  warnings.warn(
[eval_extract] [main] 생성 대상 0건 (저장됨 250건)
[eval_extract] [item] 생성 대상 0건 (저장됨 153건)
[eval_extract] [model] 생성 대상 0건 (저장됨 55건)
[eval_extract] [region] 생성 대상 250건 (저장됨 0건)
[eval_extract]   [region] 10/250 … 73s (tok=2882)
[eval_extract]   [region] 20/250 … 139s (tok=2676)
[eval_extract]   [region] 30/250 … 207s (tok=3277)
[eval_extract]   [region] 40/250 … 279s (tok=2678)
[eval_extract]   [region] 50/250 … 352s (tok=2656)
[eval_extract]   [region] 60/250 … 426s (tok=3103)
[eval_extract]   [region] 70/250 … 497s (tok=3530)
[eval_extract]   [region] 80/250 … 565s (tok=3971)
[eval_extract]   [region] 90/250 … 636s (tok=3120)
[eval_extract]   [region] 100/250 … 700s (tok=3012)
[eval_extract]   [region] 110/250 … 774s (tok=3932)
[eval_extract]   [region] 120/250 … 852s (tok=3550)
[eval_extract]   [region] 130/250 … 923s (tok=2164)
[eval_extract]   [region] 140/250 … 995s (tok=2518)
[eval_extract]   [region] 150/250 … 1059s (tok=4197)
[eval_extract]   [region] 160/250 … 1134s (tok=2392)
[eval_extract]   [region] 170/250 … 1204s (tok=2768)
[eval_extract]   [region] 180/250 … 1276s (tok=4003)
[eval_extract]   [region] 190/250 … 1341s (tok=2676)
[eval_extract]   [region] 200/250 … 1411s (tok=3513)
[eval_extract]   [region] 210/250 … 1481s (tok=3459)
[eval_extract]   [region] 220/250 … 1549s (tok=2538)
[eval_extract]   [region] 230/250 … 1621s (tok=2995)
[eval_extract]   [region] 240/250 … 1693s (tok=3111)
[eval_extract]   [region] 250/250 … 1765s (tok=2557)
[eval_extract] 생성 완료: main 250건 · item 153건 · model 55건 · sme 0건
/Users/seungwookim/Code/edu/SeSac/contest/DACON_KONEPS/.venv/lib/python3.13/site-packages/transformers/audio_utils.py:821: UserWarning: At least one mel filter has all zero values. The value for `num_mel_filters` (128) may be set too high. Or, the value for `num_frequency_bins` (257) may be set too low.
  warnings.warn(
[eval_extract] [main] 생성 대상 0건 (저장됨 500건)
[eval_extract] [item] 생성 대상 0건 (저장됨 317건)
[eval_extract] [model] 생성 대상 0건 (저장됨 92건)
[eval_extract] [region] 생성 대상 500건 (저장됨 0건)
[eval_extract]   [region] 10/500 … 72s (tok=4002)
[eval_extract]   [region] 20/500 … 141s (tok=2992)
[eval_extract]   [region] 30/500 … 213s (tok=3293)
[eval_extract]   [region] 40/500 … 285s (tok=3127)
[eval_extract]   [region] 50/500 … 362s (tok=2850)
[eval_extract]   [region] 60/500 … 439s (tok=3073)
[eval_extract]   [region] 70/500 … 499s (tok=2739)
[eval_extract]   [region] 80/500 … 568s (tok=3691)
[eval_extract]   [region] 90/500 … 637s (tok=2780)
[eval_extract]   [region] 100/500 … 716s (tok=3298)
[eval_extract]   [region] 110/500 … 786s (tok=3796)
[eval_extract]   [region] 120/500 … 850s (tok=2724)
[eval_extract]   [region] 130/500 … 924s (tok=2772)
[eval_extract]   [region] 140/500 … 1002s (tok=3237)
[eval_extract]   [region] 150/500 … 1079s (tok=2690)
[eval_extract]   [region] 160/500 … 1149s (tok=3241)
[eval_extract]   [region] 170/500 … 1218s (tok=3413)
[eval_extract]   [region] 180/500 … 1296s (tok=3091)
[eval_extract]   [region] 190/500 … 1365s (tok=3602)
[eval_extract]   [region] 200/500 … 1443s (tok=3486)
[eval_extract]   [region] 210/500 … 1515s (tok=3397)
[eval_extract]   [region] 220/500 … 1587s (tok=2436)
[eval_extract]   [region] 230/500 … 1656s (tok=2850)
[eval_extract]   [region] 240/500 … 1736s (tok=3816)
[eval_extract]   [region] 250/500 … 1802s (tok=2659)
[eval_extract]   [region] 260/500 … 1872s (tok=4237)
[eval_extract]   [region] 270/500 … 1945s (tok=4256)
[eval_extract]   [region] 280/500 … 2015s (tok=3618)
[eval_extract]   [region] 290/500 … 2092s (tok=4266)
[eval_extract]   [region] 300/500 … 2173s (tok=3100)
[eval_extract]   [region] 310/500 … 2247s (tok=4107)
[eval_extract]   [region] 320/500 … 2320s (tok=3982)
[eval_extract]   [region] 330/500 … 2397s (tok=3429)
[eval_extract]   [region] 340/500 … 2480s (tok=2758)
[eval_extract]   [region] 350/500 … 2554s (tok=3162)
[eval_extract]   [region] 360/500 … 2626s (tok=2740)
[eval_extract]   [region] 370/500 … 2691s (tok=2595)
[eval_extract]   [region] 380/500 … 2756s (tok=2064)
[eval_extract]   [region] 390/500 … 2825s (tok=4254)
[eval_extract]   [region] 400/500 … 2886s (tok=2209)
[eval_extract]   [region] 410/500 … 2947s (tok=2637)
[eval_extract]   [region] 420/500 … 3021s (tok=3211)
[eval_extract]   [region] 430/500 … 3096s (tok=3150)
[eval_extract]   [region] 440/500 … 3159s (tok=2835)
[eval_extract]   [region] 450/500 … 3236s (tok=3608)
[eval_extract]   [region] 460/500 … 3302s (tok=2522)
[eval_extract]   [region] 470/500 … 3368s (tok=2305)
[eval_extract]   [region] 480/500 … 3435s (tok=3150)
[eval_extract]   [region] 490/500 … 3497s (tok=3544)
[eval_extract]   [region] 500/500 … 3567s (tok=2709)
[eval_extract] 생성 완료: main 500건 · item 317건 · model 92건 · sme 0건
