== dev·4bit: 판정 변경 9건 {(1, '0'): 6, (-1, '1'): 1, (1, '1'): 1, (-1, '0'): 1} · 근거 문구 변경 1건 · 근거 요건 위반 0건 · 시간 7.6s→6.4s
    +v10  PPS-DEV-044    label=0  ''
    +v10  PPS-DEV-075    label=1  ''
    +v10  PPS-DEV-10     label=0  ''
    +v10  PPS-DEV-173    label=0  ''
    +v10  PPS-DEV-32     label=0  ''
    +v11  PPS-DEV-044    label=0  ''
    +v13  PPS-DEV-173    label=0  "2) 중소기업제품 구매촉진 및 판로지원에 관한 법률 시행령 제2조의2에 따른 우선조달계약 대상으로 '소기업' 또는 소상공인기본법 제2조의 '소상공인'"
    -v17  PPS-DEV-075    label=0  '다.「중소기업기본법」 제2조에 따른 중소기업자 또는 「소상공인기본법」제2조에\n\n따른 소상공인으로 「중소기업범위 및 확인에 관한 규정」에 따라 발급된 유효\n\n기간 '
    -v18  PPS-DEV-044    label=1  ''
== dev·int8①: 판정 변경 6건 {(1, '0'): 4, (1, '1'): 1, (-1, '0'): 1} · 근거 문구 변경 1건 · 근거 요건 위반 0건 · 시간 6.4s→6.4s
    +v10  PPS-DEV-075    label=1  ''
    +v10  PPS-DEV-10     label=0  ''
    +v10  PPS-DEV-173    label=0  ''
    +v10  PPS-DEV-32     label=0  ''
    +v13  PPS-DEV-173    label=0  "2) 중소기업제품 구매촉진 및 판로지원에 관한 법률 시행령 제2조의2에 따른 우선조달계약 대상으로 '소기업' 또는 소상공인기본법 제2조의 '소상공인'"
    -v17  PPS-DEV-075    label=0  '다.「중소기업기본법」 제2조에 따른 중소기업자 또는 「소상공인기본법」제2조에\n\n따른 소상공인으로 「중소기업범위 및 확인에 관한 규정」에 따라 발급된 유효\n\n기간 '
== dev·int8②: 판정 변경 6건 {(1, '0'): 4, (1, '1'): 1, (-1, '0'): 1} · 근거 문구 변경 1건 · 근거 요건 위반 0건 · 시간 6.2s→4.6s
    +v10  PPS-DEV-075    label=1  ''
    +v10  PPS-DEV-10     label=0  ''
    +v10  PPS-DEV-173    label=0  ''
    +v10  PPS-DEV-32     label=0  ''
    +v13  PPS-DEV-173    label=0  "2) 중소기업제품 구매촉진 및 판로지원에 관한 법률 시행령 제2조의2에 따른 우선조달계약 대상으로 '소기업' 또는 소상공인기본법 제2조의 '소상공인'"
    -v17  PPS-DEV-075    label=0  '다.「중소기업기본법」 제2조에 따른 중소기업자 또는 「소상공인기본법」제2조에\n\n따른 소상공인으로 「중소기업범위 및 확인에 관한 규정」에 따라 발급된 유효\n\n기간 '
== 750·4bit: 판정 변경 10건 {(-1, '1'): 3, (1, '-'): 5, (-1, '0'): 2} · 근거 문구 변경 3건 · 근거 요건 위반 0건 · 시간 17.4s→21.3s
    +v10  PPS-D-006098   label=-  ''
    +v10  PPS-D-021510   label=-  ''
    -v12  PPS-D-007320   label=0  '④ 「중소기업제품 구매촉진 및 판로지원에 관한 법률」제9조2항 및 같은 법 시행령 제10조4항에 의거‘중소기업자간 경쟁제품 직접생산 확인 기준’에 따른 직접생산증'
    -v12  PPS-D-014207   label=1  '- 중소기업제품 구매촉진 및 판로지원에 관한법률」 제2조에 따른 중소기업자로서 동법 제9조 및 동법시행령 제10조에 의한 아래의 직접생산확인증명서(전자입찰서 제출'
    -v12  PPS-D-017108   label=1  '④ 「중소기업제품 구매촉진 및 판로지원에 관한 법률」 제9조 및 같은 법 시행령 제10조에 따른 직접생산확인증명서[간판(세부품명번호:5512190401)] 및 ['
    +v13  PPS-D-003842   label=-  '중소기업제품 구매촉진 및 판로지원에 관한 법률 제2조에 의거“소기업․소상공인 확인서”를 소지한 업체(입찰일 전일 이전에 발급된 것으로서 유효기간 내에 있어야 함)'
    +v13  PPS-D-006098   label=-  '3) ｢「중소기업기본법」 제2조제2항에 따른 소기업, 「소상공인기본법」 제2조에 따른\n소상공인, 「벤처기업육성에 관한 특별조치법」 제2조제1항에 따른 벤처기업 또'
    +v13  PPS-D-021510   label=-  '4)「중소기업기본법 시행령」제2조에 따른 소기업 또는「소상공인 보호 및 지원에 관한 법률」제2조에 따른 소상공인으로서「중소기업 범위 및 확인에 관한 규정」에 따라'
    -v17  PPS-D-007320   label=0  '⑤ 「중소기업기본법」 제2조에 따른 중·소기업자 또는 「소상공인기본법」제2조에 따른 소상공인으로서 「중소기업 범위 및 확인에 관한 규정」에 따라 발급된 중·소기업'
    -v17  PPS-D-014207   label=1  '㉠「중소기업기본법」 제2조 제2항에 따른 중소기업 또는 「소상공인 보호 및 지원에 관한 법률」제2조에 따른 소상공인으로서 「중소기업 범위 및 확인에 관한 규정」에'
== 750·int8: 판정 변경 8건 {(1, '-'): 4, (-1, '1'): 2, (-1, '0'): 2} · 근거 문구 변경 1건 · 근거 요건 위반 0건 · 시간 27.5s→22.6s
    +v10  PPS-D-010587   label=-  ''
    +v10  PPS-D-012346   label=-  ''
    +v11  PPS-D-012346   label=-  ''
    -v12  PPS-D-007320   label=0  '④ 「중소기업제품 구매촉진 및 판로지원에 관한 법률」제9조2항 및 같은 법 시행령 제10조4항에 의거‘중소기업자간 경쟁제품 직접생산 확인 기준’에 따른 직접생산증'
    -v12  PPS-D-014207   label=1  '- 중소기업제품 구매촉진 및 판로지원에 관한법률」 제2조에 따른 중소기업자로서 동법 제9조 및 동법시행령 제10조에 의한 아래의 직접생산확인증명서(전자입찰서 제출'
    +v13  PPS-D-003842   label=-  '중소기업제품 구매촉진 및 판로지원에 관한 법률 제2조에 의거“소기업․소상공인 확인서”를 소지한 업체(입찰일 전일 이전에 발급된 것으로서 유효기간 내에 있어야 함)'
    -v17  PPS-D-007320   label=0  '⑤ 「중소기업기본법」 제2조에 따른 중·소기업자 또는 「소상공인기본법」제2조에 따른 소상공인으로서 「중소기업 범위 및 확인에 관한 규정」에 따라 발급된 중·소기업'
    -v17  PPS-D-014207   label=1  '㉠「중소기업기본법」 제2조 제2항에 따른 중소기업 또는 「소상공인 보호 및 지원에 관한 법률」제2조에 따른 소상공인으로서 「중소기업 범위 및 확인에 관한 규정」에'
