item              T0              T1              T2              T3              T4              T5
v1   [0]   80/  80/ 120    80/  80/ 120    70/  70/ 120    78/  78/ 120    80/  80/ 120    80/  80/ 120
v1   [1]   95/  95/ 120    95/  95/ 120    85/  85/ 120    84/  84/ 120    95/  95/ 120    95/  95/ 120
v2   [0]  155/ 155/ 160   155/ 155/ 160   155/ 155/ 160   150/ 150/ 160   155/ 155/ 160   155/ 155/ 160
v2   [1]  155/ 155/ 160   155/ 155/ 160   155/ 155/ 160   150/ 150/ 160   155/ 155/ 160   155/ 155/ 160
v4   [0]  100/ 100/ 110   105/ 105/ 110   100/ 100/ 110    63/  63/ 110   100/ 100/ 110   100/ 100/ 110
v4   [1]  100/ 100/ 110   105/ 105/ 110   100/ 100/ 110    63/  63/ 110   100/ 100/ 110   100/ 100/ 110
v5   [0]  105/ 105/ 110   110/ 110/ 110   100/ 100/ 110   110/ 110/ 110   105/ 105/ 110   105/ 105/ 110
v5   [1]  105/ 105/ 110   110/ 110/ 110   100/ 100/ 110   110/ 110/ 110   105/ 105/ 110   105/ 105/ 110
v6   [0]   35/  35/  40    40/  40/  40    35/  35/  40    40/  40/  40    35/  35/  40    35/  35/  40
v6   [1]   35/  35/  40    40/  40/  40    35/  35/  40    40/  40/  40    35/  35/  40    35/  35/  40
v7   [0]   45/  45/  50    50/  50/  50    45/  45/  50    50/  50/  50    45/  45/  50    45/  45/  50
v7   [1]   45/  45/  50    50/  50/  50    45/  45/  50    50/  50/  50    45/  45/  50    45/  45/  50
v12  [0]   95/  95/  95    85/  85/  95    90/  90/  95    95/  95/  95    95/  95/  95    95/  95/  95
v12  [1]   95/  95/  95    85/  85/  95    90/  90/  95    95/  95/  95    95/  95/  95    95/  95/  95
v15  [0]   58/  58/  60    60/  60/  60    56/  56/  60    60/  60/  60    55/  55/  60    55/  55/  60
v15  [1]   58/  58/  60    60/  60/  60    56/  56/  60    60/  60/  60    55/  55/  60    55/  55/  60
v14  [0]   55/  55/  55    55/  55/  55    49/  49/  55    33/  33/  55    55/  55/  55    55/  55/  55
v14  [1]   55/  55/  55    55/  55/  55    49/  49/  55    33/  33/  55    55/  55/  55    55/  55/  55
v17  [0]   65/  65/  65    65/  65/  65    60/  60/  65    65/  65/  65    65/  65/  65    65/  65/  65
v17  [1]   65/  65/  65    65/  65/  65    60/  60/  65    65/  65/  65    65/  65/  65    65/  65/  65
v19  [0]   25/  25/  25    25/  25/  25    21/  21/  25    20/  20/  25    25/  25/  25    25/  25/  25
v19  [1]   25/  25/  25    25/  25/  25    21/  21/  25    20/  20/  25    25/  25/  25    25/  25/  25
v21  [0]   95/  95/ 100    95/  95/ 100    90/  90/ 100    95/  95/ 100    95/  95/ 100    95/  95/ 100
v21  [1]   95/  95/ 100    95/  95/ 100    90/  90/ 100    95/  95/ 100    95/  95/ 100    95/  95/ 100
v22  [0]  105/ 105/ 110   105/ 105/ 110   105/ 105/ 110    84/  84/ 110   105/ 105/ 110   105/ 105/ 110
v22  [1]  105/ 105/ 110   105/ 105/ 110   105/ 105/ 110    84/  84/ 110   105/ 105/ 110   105/ 105/ 110
