[mlx_eval] 평가 대상 128건 (라벨 매칭 128건) · script=submissions/20260916_attachment_excerpt/script.py
[mlx_eval] 모델 로드 중: /Users/seungwookim/Code/edu/SeSac/contest/DACON_KONEPS/models/gemma-4-26b-a4b-it-4bit
/Users/seungwookim/Code/edu/SeSac/contest/DACON_KONEPS/.venv/lib/python3.13/site-packages/transformers/audio_utils.py:821: UserWarning: At least one mel filter has all zero values. The value for `num_mel_filters` (128) may be set too high. Or, the value for `num_frequency_bins` (257) may be set too low.
  warnings.warn(
[mlx_eval] 모델 로드 완료 7.4s
[mlx_eval]   5/128건 … 99s (마지막 PPS-DEV-05 tok=4179)
[mlx_eval]   10/128건 … 191s (마지막 PPS-DEV-10 tok=3651)
[mlx_eval]   15/128건 … 281s (마지막 PPS-DEV-15 tok=4264)
[mlx_eval]   20/128건 … 369s (마지막 PPS-DEV-20 tok=4057)
[mlx_eval]   25/128건 … 453s (마지막 PPS-DEV-25 tok=4010)
[mlx_eval]   30/128건 … 533s (마지막 PPS-DEV-033 tok=3780)
[mlx_eval]   35/128건 … 615s (마지막 PPS-DEV-038 tok=4016)
[mlx_eval]   40/128건 … 695s (마지막 PPS-DEV-043 tok=3929)
[mlx_eval]   45/128건 … 775s (마지막 PPS-DEV-048 tok=3932)
[mlx_eval]   50/128건 … 859s (마지막 PPS-DEV-053 tok=3819)
[mlx_eval]   55/128건 … 948s (마지막 PPS-DEV-058 tok=3825)
[mlx_eval]   60/128건 … 1027s (마지막 PPS-DEV-063 tok=3892)
[mlx_eval]   65/128건 … 1108s (마지막 PPS-DEV-068 tok=3823)
[mlx_eval]   70/128건 … 1193s (마지막 PPS-DEV-073 tok=3556)
[mlx_eval]   75/128건 … 1273s (마지막 PPS-DEV-078 tok=3667)
[mlx_eval]   80/128건 … 1356s (마지막 PPS-DEV-085 tok=3697)
[mlx_eval]   85/128건 … 1438s (마지막 PPS-DEV-093 tok=4024)
[mlx_eval]   90/128건 … 1522s (마지막 PPS-DEV-104 tok=4203)
[mlx_eval]   95/128건 … 1611s (마지막 PPS-DEV-112 tok=4485)
[mlx_eval]   100/128건 … 1694s (마지막 PPS-DEV-132 tok=4129)
[mlx_eval]   105/128건 … 1786s (마지막 PPS-DEV-137 tok=4271)
[mlx_eval]   110/128건 … 1870s (마지막 PPS-DEV-147 tok=4378)
[mlx_eval]   115/128건 … 1951s (마지막 PPS-DEV-156 tok=4177)
[mlx_eval]   120/128건 … 2034s (마지막 PPS-DEV-166 tok=3944)
[mlx_eval]   125/128건 … 2119s (마지막 PPS-DEV-195 tok=3988)
[mlx_eval]   128/128건 … 2168s (마지막 PPS-DEV-199 tok=4412)
[mlx_eval] macro F1 = 0.1735  (추론 2168s · 건당 16.9s)
[mlx_eval]   v1: P=0.5 R=0.4286 F1=0.4615 (pos=7, tp=3, fp=3, fn=4)
[mlx_eval]   v2: P=0.0 R=0.0 F1=0.0 (pos=7, tp=0, fp=1, fn=7)
[mlx_eval]   v3: P=0.7778 R=0.875 F1=0.8235 (pos=8, tp=7, fp=2, fn=1)
[mlx_eval]   v4: P=0.0 R=0.0 F1=0.0 (pos=6, tp=0, fp=1, fn=6)
[mlx_eval]   v5: P=0.5556 R=0.7143 F1=0.625 (pos=7, tp=5, fp=4, fn=2)
[mlx_eval]   v6: P=0.0 R=0.0 F1=0.0 (pos=6, tp=0, fp=0, fn=6)
[mlx_eval]   v7: P=0.5 R=0.1429 F1=0.2222 (pos=7, tp=1, fp=1, fn=6)
[mlx_eval]   v8: P=0.0 R=0.0 F1=0.0 (pos=6, tp=0, fp=0, fn=6)
[mlx_eval]   v9: P=0.5556 R=0.8333 F1=0.6667 (pos=6, tp=5, fp=4, fn=1)
[mlx_eval]   v10: P=0.0 R=0.0 F1=0.0 (pos=7, tp=0, fp=0, fn=7)
[mlx_eval]   v11: P=0.0 R=0.0 F1=0.0 (pos=6, tp=0, fp=0, fn=6)
[mlx_eval]   v12: P=0.0 R=0.0 F1=0.0 (pos=6, tp=0, fp=0, fn=6)
[mlx_eval]   v13: P=0.0417 R=0.1667 F1=0.0667 (pos=6, tp=1, fp=23, fn=5)
[mlx_eval]   v14: P=0.0 R=0.0 F1=0.0 (pos=8, tp=0, fp=0, fn=8)
[mlx_eval]   v15: P=1.0 R=0.1667 F1=0.2857 (pos=6, tp=1, fp=0, fn=5)
[mlx_eval]   v16: P=0.0 R=0.0 F1=0.0 (pos=6, tp=0, fp=0, fn=6)
[mlx_eval]   v17: P=0.0 R=0.0 F1=0.0 (pos=6, tp=0, fp=2, fn=6)
[mlx_eval]   v18: P=0.0 R=0.0 F1=0.0 (pos=7, tp=0, fp=0, fn=7)
[mlx_eval]   v19: P=0.5 R=0.1667 F1=0.25 (pos=6, tp=1, fp=1, fn=5)
[mlx_eval]   v20: P=0.0 R=0.0 F1=0.0 (pos=5, tp=0, fp=0, fn=5)
[mlx_eval]   v21: P=1.0 R=0.1667 F1=0.2857 (pos=6, tp=1, fp=0, fn=5)
[mlx_eval]   v22: P=1.0 R=0.2 F1=0.3333 (pos=5, tp=1, fp=0, fn=4)
[mlx_eval]   v23: P=0.0 R=0.0 F1=0.0 (pos=5, tp=0, fp=0, fn=5)
[mlx_eval]   v24: P=0.1 R=0.25 F1=0.1429 (pos=8, tp=2, fp=18, fn=6)
[mlx_eval] 저장: /tmp/mlx_runs/attach_report.json
[mlx_eval] 원문 출력 저장: /tmp/mlx_runs/attach_outputs.jsonl
