[mlx_eval] 평가 대상 128건 (라벨 매칭 128건) · script=open/baseline/script.py
[mlx_eval] 모델 로드 중: /Users/seungwookim/Code/edu/SeSac/contest/DACON_KONEPS/models/gemma-4-26b-a4b-it-4bit
/Users/seungwookim/Code/edu/SeSac/contest/DACON_KONEPS/.venv/lib/python3.13/site-packages/transformers/audio_utils.py:821: UserWarning: At least one mel filter has all zero values. The value for `num_mel_filters` (128) may be set too high. Or, the value for `num_frequency_bins` (257) may be set too low.
  warnings.warn(
[mlx_eval] 모델 로드 완료 8.0s
[mlx_eval]   5/128건 … 90s (마지막 PPS-DEV-05 tok=3863)
[mlx_eval]   10/128건 … 169s (마지막 PPS-DEV-10 tok=3486)
[mlx_eval]   15/128건 … 252s (마지막 PPS-DEV-15 tok=3889)
[mlx_eval]   20/128건 … 334s (마지막 PPS-DEV-20 tok=3881)
[mlx_eval]   25/128건 … 414s (마지막 PPS-DEV-25 tok=3858)
[mlx_eval]   30/128건 … 494s (마지막 PPS-DEV-033 tok=3780)
[mlx_eval]   35/128건 … 588s (마지막 PPS-DEV-038 tok=3884)
[mlx_eval]   40/128건 … 679s (마지막 PPS-DEV-043 tok=3929)
[mlx_eval]   45/128건 … 766s (마지막 PPS-DEV-048 tok=3932)
[mlx_eval]   50/128건 … 868s (마지막 PPS-DEV-053 tok=3819)
[mlx_eval]   55/128건 … 971s (마지막 PPS-DEV-058 tok=3825)
[mlx_eval]   60/128건 … 1069s (마지막 PPS-DEV-063 tok=3892)
[mlx_eval]   65/128건 … 1168s (마지막 PPS-DEV-068 tok=3823)
[mlx_eval]   70/128건 … 1280s (마지막 PPS-DEV-073 tok=3556)
[mlx_eval]   75/128건 … 1386s (마지막 PPS-DEV-078 tok=3667)
[mlx_eval]   80/128건 … 1496s (마지막 PPS-DEV-085 tok=3365)
[mlx_eval]   85/128건 … 1600s (마지막 PPS-DEV-093 tok=3575)
[mlx_eval]   90/128건 … 1711s (마지막 PPS-DEV-104 tok=3899)
[mlx_eval]   95/128건 … 1832s (마지막 PPS-DEV-112 tok=3881)
[mlx_eval]   100/128건 … 1951s (마지막 PPS-DEV-132 tok=3844)
[mlx_eval]   105/128건 … 2074s (마지막 PPS-DEV-137 tok=3894)
[mlx_eval]   110/128건 … 2188s (마지막 PPS-DEV-147 tok=3826)
[mlx_eval]   115/128건 … 2295s (마지막 PPS-DEV-156 tok=3981)
[mlx_eval]   120/128건 … 2399s (마지막 PPS-DEV-166 tok=3944)
[mlx_eval]   125/128건 … 2500s (마지막 PPS-DEV-195 tok=3823)
[mlx_eval]   128/128건 … 2558s (마지막 PPS-DEV-199 tok=3878)
[mlx_eval] macro F1 = 0.1405  (추론 2558s · 건당 20.0s)
[mlx_eval]   v1: P=0.5 R=0.4286 F1=0.4615 (pos=7, tp=3, fp=3, fn=4)
[mlx_eval]   v2: P=0.0 R=0.0 F1=0.0 (pos=7, tp=0, fp=1, fn=7)
[mlx_eval]   v3: P=0.7 R=0.875 F1=0.7778 (pos=8, tp=7, fp=3, fn=1)
[mlx_eval]   v4: P=0.0 R=0.0 F1=0.0 (pos=6, tp=0, fp=1, fn=6)
[mlx_eval]   v5: P=0.4545 R=0.7143 F1=0.5556 (pos=7, tp=5, fp=6, fn=2)
[mlx_eval]   v6: P=0.0 R=0.0 F1=0.0 (pos=6, tp=0, fp=0, fn=6)
[mlx_eval]   v7: P=0.0 R=0.0 F1=0.0 (pos=7, tp=0, fp=1, fn=7)
[mlx_eval]   v8: P=0.0 R=0.0 F1=0.0 (pos=6, tp=0, fp=0, fn=6)
[mlx_eval]   v9: P=0.0 R=0.0 F1=0.0 (pos=6, tp=0, fp=0, fn=6)
[mlx_eval]   v10: P=0.0 R=0.0 F1=0.0 (pos=7, tp=0, fp=0, fn=7)
[mlx_eval]   v11: P=0.0 R=0.0 F1=0.0 (pos=6, tp=0, fp=0, fn=6)
[mlx_eval]   v12: P=0.0 R=0.0 F1=0.0 (pos=6, tp=0, fp=0, fn=6)
[mlx_eval]   v13: P=0.0 R=0.0 F1=0.0 (pos=6, tp=0, fp=24, fn=6)
[mlx_eval]   v14: P=0.0 R=0.0 F1=0.0 (pos=8, tp=0, fp=0, fn=8)
[mlx_eval]   v15: P=1.0 R=0.1667 F1=0.2857 (pos=6, tp=1, fp=0, fn=5)
[mlx_eval]   v16: P=0.0 R=0.0 F1=0.0 (pos=6, tp=0, fp=0, fn=6)
[mlx_eval]   v17: P=0.0 R=0.0 F1=0.0 (pos=6, tp=0, fp=2, fn=6)
[mlx_eval]   v18: P=0.0 R=0.0 F1=0.0 (pos=7, tp=0, fp=0, fn=7)
[mlx_eval]   v19: P=1.0 R=0.1667 F1=0.2857 (pos=6, tp=1, fp=0, fn=5)
[mlx_eval]   v20: P=0.0 R=0.0 F1=0.0 (pos=5, tp=0, fp=0, fn=5)
[mlx_eval]   v21: P=1.0 R=0.1667 F1=0.2857 (pos=6, tp=1, fp=0, fn=5)
[mlx_eval]   v22: P=1.0 R=0.4 F1=0.5714 (pos=5, tp=2, fp=0, fn=3)
[mlx_eval]   v23: P=0.0 R=0.0 F1=0.0 (pos=5, tp=0, fp=0, fn=5)
[mlx_eval]   v24: P=0.1053 R=0.25 F1=0.1481 (pos=8, tp=2, fp=17, fn=6)
[mlx_eval] 저장: /tmp/mlx_runs/baseline_report.json
[mlx_eval] 원문 출력 저장: /tmp/mlx_runs/baseline_outputs.jsonl
