/Users/seungwookim/Code/edu/SeSac/contest/DACON_KONEPS/.venv/lib/python3.13/site-packages/transformers/audio_utils.py:821: UserWarning: At least one mel filter has all zero values. The value for `num_mel_filters` (128) may be set too high. Or, the value for `num_frequency_bins` (257) may be set too low.
  warnings.warn(
[eval_extract] [main] 생성 대상 500건 (저장됨 0건)
[eval_extract]   [main] 10/500 … 141s (tok=2914)
[eval_extract]   [main] 20/500 … 285s (tok=5472)
[eval_extract]   [main] 30/500 … 436s (tok=5840)
[eval_extract]   [main] 40/500 … 588s (tok=3800)
[eval_extract]   [main] 50/500 … 756s (tok=4987)
[eval_extract]   [main] 60/500 … 910s (tok=3680)
[eval_extract]   [main] 70/500 … 1053s (tok=3266)
[eval_extract]   [main] 80/500 … 1202s (tok=4665)
[eval_extract]   [main] 90/500 … 1363s (tok=3372)
[eval_extract]   [main] 100/500 … 1535s (tok=6065)
[eval_extract]   [main] 110/500 … 1693s (tok=4247)
[eval_extract]   [main] 120/500 … 1849s (tok=4091)
[eval_extract]   [main] 130/500 … 2012s (tok=2921)
[eval_extract]   [main] 140/500 … 2169s (tok=3519)
[eval_extract]   [main] 150/500 … 2329s (tok=3076)
[eval_extract]   [main] 160/500 … 2473s (tok=3921)
[eval_extract]   [main] 170/500 … 2614s (tok=4826)
[eval_extract]   [main] 180/500 … 2792s (tok=3734)
[eval_extract]   [main] 190/500 … 2934s (tok=4614)
[eval_extract]   [main] 200/500 … 3098s (tok=4334)
[eval_extract]   [main] 210/500 … 3251s (tok=4320)
[eval_extract]   [main] 220/500 … 3392s (tok=3089)
[eval_extract]   [main] 230/500 … 3547s (tok=5393)
[eval_extract]   [main] 240/500 … 3721s (tok=5983)
[eval_extract]   [main] 250/500 … 3874s (tok=4110)
[eval_extract]   [main] 260/500 … 4024s (tok=4389)
[eval_extract]   [main] 270/500 … 4180s (tok=6017)
[eval_extract]   [main] 280/500 … 4342s (tok=4017)
[eval_extract]   [main] 290/500 … 4501s (tok=6429)
[eval_extract]   [main] 300/500 … 4665s (tok=5613)
[eval_extract]   [main] 310/500 … 4826s (tok=6547)
[eval_extract]   [main] 320/500 … 4970s (tok=3157)
[eval_extract]   [main] 330/500 … 5136s (tok=4483)
[eval_extract]   [main] 340/500 … 5298s (tok=4140)
[eval_extract]   [main] 350/500 … 5457s (tok=3563)
[eval_extract]   [main] 360/500 … 5623s (tok=4022)
[eval_extract]   [main] 370/500 … 5772s (tok=3977)
[eval_extract]   [main] 380/500 … 5929s (tok=2514)
[eval_extract]   [main] 390/500 … 6094s (tok=6082)
[eval_extract]   [main] 400/500 … 6241s (tok=3170)
[eval_extract]   [main] 410/500 … 6397s (tok=4915)
[eval_extract]   [main] 420/500 … 6551s (tok=3664)
[eval_extract]   [main] 430/500 … 6711s (tok=3873)
[eval_extract]   [main] 440/500 … 6867s (tok=4013)
[eval_extract]   [main] 450/500 … 7029s (tok=4262)
[eval_extract]   [main] 460/500 … 7199s (tok=3698)
[eval_extract]   [main] 470/500 … 7362s (tok=2746)
[eval_extract]   [main] 480/500 … 7526s (tok=3878)
[eval_extract]   [main] 490/500 … 7668s (tok=3644)
[eval_extract]   [main] 500/500 … 7819s (tok=3304)
[eval_extract] [item] 생성 대상 317건 (저장됨 0건)
[eval_extract]   [item] 10/317 … 41s (tok=1994)
[eval_extract]   [item] 20/317 … 87s (tok=2760)
[eval_extract]   [item] 30/317 … 131s (tok=2165)
[eval_extract]   [item] 40/317 … 176s (tok=2801)
[eval_extract]   [item] 50/317 … 223s (tok=2858)
[eval_extract]   [item] 60/317 … 270s (tok=2867)
[eval_extract]   [item] 70/317 … 312s (tok=2843)
[eval_extract]   [item] 80/317 … 355s (tok=2840)
[eval_extract]   [item] 90/317 … 400s (tok=1927)
[eval_extract]   [item] 100/317 … 442s (tok=1875)
[eval_extract]   [item] 110/317 … 484s (tok=2020)
[eval_extract]   [item] 120/317 … 530s (tok=2008)
[eval_extract]   [item] 130/317 … 578s (tok=2405)
[eval_extract]   [item] 140/317 … 623s (tok=2257)
[eval_extract]   [item] 150/317 … 668s (tok=2813)
[eval_extract]   [item] 160/317 … 715s (tok=2963)
[eval_extract]   [item] 170/317 … 760s (tok=2930)
[eval_extract]   [item] 180/317 … 807s (tok=2772)
[eval_extract]   [item] 190/317 … 850s (tok=1904)
[eval_extract]   [item] 200/317 … 897s (tok=2981)
[eval_extract]   [item] 210/317 … 945s (tok=2780)
[eval_extract]   [item] 220/317 … 991s (tok=2807)
[eval_extract]   [item] 230/317 … 1034s (tok=2399)
[eval_extract]   [item] 240/317 … 1078s (tok=2048)
[eval_extract]   [item] 250/317 … 1123s (tok=2240)
[eval_extract]   [item] 260/317 … 1170s (tok=2624)
[eval_extract]   [item] 270/317 … 1216s (tok=2634)
[eval_extract]   [item] 280/317 … 1259s (tok=1902)
[eval_extract]   [item] 290/317 … 1305s (tok=2785)
[eval_extract]   [item] 300/317 … 1348s (tok=2203)
[eval_extract]   [item] 310/317 … 1389s (tok=2364)
[eval_extract]   [item] 317/317 … 1419s (tok=2174)
[eval_extract] [model] 생성 대상 92건 (저장됨 0건)
[eval_extract]   [model] 10/92 … 12s (tok=643)
[eval_extract]   [model] 20/92 … 26s (tok=673)
[eval_extract]   [model] 30/92 … 39s (tok=1007)
[eval_extract]   [model] 40/92 … 52s (tok=416)
[eval_extract]   [model] 50/92 … 63s (tok=314)
[eval_extract]   [model] 60/92 … 76s (tok=440)
[eval_extract]   [model] 70/92 … 92s (tok=522)
[eval_extract]   [model] 80/92 … 106s (tok=1396)
[eval_extract]   [model] 90/92 … 119s (tok=397)
[eval_extract]   [model] 92/92 … 122s (tok=378)
[eval_extract] 생성 완료: main 500건 · item 317건 · model 92건
