/Users/seungwookim/Code/edu/SeSac/contest/DACON_KONEPS/.venv/lib/python3.13/site-packages/transformers/audio_utils.py:821: UserWarning: At least one mel filter has all zero values. The value for `num_mel_filters` (128) may be set too high. Or, the value for `num_frequency_bins` (257) may be set too low.
  warnings.warn(
[eval_extract] [main] 생성 대상 250건 (저장됨 0건)
[eval_extract]   [main] 10/250 … 164s (tok=4717)
[eval_extract]   [main] 20/250 … 319s (tok=3742)
[eval_extract]   [main] 30/250 … 479s (tok=3727)
[eval_extract]   [main] 40/250 … 649s (tok=3127)
[eval_extract]   [main] 50/250 … 817s (tok=3856)
[eval_extract]   [main] 60/250 … 989s (tok=4273)
[eval_extract]   [main] 70/250 … 1146s (tok=4313)
[eval_extract]   [main] 80/250 … 1308s (tok=5818)
[eval_extract]   [main] 90/250 … 1475s (tok=3720)
[eval_extract]   [main] 100/250 … 1617s (tok=3768)
[eval_extract]   [main] 110/250 … 1776s (tok=4885)
[eval_extract]   [main] 120/250 … 1948s (tok=5373)
[eval_extract]   [main] 130/250 … 2111s (tok=2282)
[eval_extract]   [main] 140/250 … 2279s (tok=4477)
[eval_extract]   [main] 150/250 … 2431s (tok=4965)
[eval_extract]   [main] 160/250 … 2591s (tok=2823)
[eval_extract]   [main] 170/250 … 2747s (tok=4384)
[eval_extract]   [main] 180/250 … 2897s (tok=5706)
[eval_extract]   [main] 190/250 … 3050s (tok=3467)
[eval_extract]   [main] 200/250 … 3201s (tok=4723)
[eval_extract]   [main] 210/250 … 3355s (tok=4297)
[eval_extract]   [main] 220/250 … 3512s (tok=3260)
[eval_extract]   [main] 230/250 … 3668s (tok=3578)
[eval_extract]   [main] 240/250 … 3825s (tok=5518)
[eval_extract]   [main] 250/250 … 3984s (tok=3568)
[eval_extract] [item] 생성 대상 153건 (저장됨 0건)
[eval_extract]   [item] 10/153 … 46s (tok=2522)
[eval_extract]   [item] 20/153 … 93s (tok=2137)
[eval_extract]   [item] 30/153 … 138s (tok=2763)
[eval_extract]   [item] 40/153 … 183s (tok=1807)
[eval_extract]   [item] 50/153 … 228s (tok=2004)
[eval_extract]   [item] 60/153 … 275s (tok=1867)
[eval_extract]   [item] 70/153 … 318s (tok=2747)
[eval_extract]   [item] 80/153 … 366s (tok=1820)
[eval_extract]   [item] 90/153 … 410s (tok=1782)
[eval_extract]   [item] 100/153 … 456s (tok=2637)
[eval_extract]   [item] 110/153 … 501s (tok=2725)
[eval_extract]   [item] 120/153 … 544s (tok=2832)
[eval_extract]   [item] 130/153 … 589s (tok=2806)
[eval_extract]   [item] 140/153 … 634s (tok=2872)
[eval_extract]   [item] 150/153 … 681s (tok=2809)
[eval_extract]   [item] 153/153 … 694s (tok=2792)
[eval_extract] 생성 완료: main 250건 · item 153건
