######## f2g1
== dev·4bit: 판정 변경 0건 {} · 근거 문구 변경 0건 · 근거 요건 위반 0건 · 시간 4.8s→4.8s
== dev·int8①: 판정 변경 0건 {} · 근거 문구 변경 0건 · 근거 요건 위반 0건 · 시간 4.8s→4.8s
== dev·int8②: 판정 변경 0건 {} · 근거 문구 변경 0건 · 근거 요건 위반 0건 · 시간 4.8s→4.8s
== 750·4bit: 판정 변경 2건 {(-1, '0'): 2} · 근거 문구 변경 0건 · 근거 요건 위반 0건 · 시간 18.1s→17.2s
    -v12  PPS-D-007320   label=0  '④ 「중소기업제품 구매촉진 및 판로지원에 관한 법률」제9조2항 및 같은 법 시행령 제10조4항에 의거‘중소기업자간 경쟁제품 직접생산 확인 기준’에 따른 직접생산증'
    -v17  PPS-D-007320   label=0  '⑤ 「중소기업기본법」 제2조에 따른 중·소기업자 또는 「소상공인기본법」제2조에 따른 소상공인으로서 「중소기업 범위 및 확인에 관한 규정」에 따라 발급된 중·소기업'
== 750·int8: 판정 변경 3건 {(1, '-'): 1, (-1, '0'): 2} · 근거 문구 변경 0건 · 근거 요건 위반 0건 · 시간 17.2s→17.2s
    -v12  PPS-D-007320   label=0  '④ 「중소기업제품 구매촉진 및 판로지원에 관한 법률」제9조2항 및 같은 법 시행령 제10조4항에 의거‘중소기업자간 경쟁제품 직접생산 확인 기준’에 따른 직접생산증'
    -v17  PPS-D-007320   label=0  '⑤ 「중소기업기본법」 제2조에 따른 중·소기업자 또는 「소상공인기본법」제2조에 따른 소상공인으로서 「중소기업 범위 및 확인에 관한 규정」에 따라 발급된 중·소기업'
mode=b4
  v10del    17/ 25
  v11del    19/ 25
  v13swap   13/ 18
  v15swap   16/ 19
  v17swap   11/ 15
  v19ins    20/ 20
  v1ins     25/ 30
  v9ins     10/ 20
  목표 밖 새 양성: {('v11del', 'v10'): 11, ('v11del', 'v18'): 4, ('v13swap', 'v12'): 1, ('v13swap', 'v15'): 1, ('v10del', 'v16'): 1, ('v10del', 'v11'): 1, ('v10del', 'v14'): 2, ('v10del', 'v17'): 2}
