######## o_v9
== dev·4bit: 판정 변경 3건 {(1, '0'): 3} · 근거 문구 변경 3건 · 근거 요건 위반 0건 · 시간 4.8s→4.8s
    +v9   PPS-DEV-082    label=0  '제안업체는 비행체(탑재장비 일체 포함)의 형상, 모델명 및 일련번호를 제안서에 명시하여야 하며, 해상비행 성능평가 시 제안장비와 동일한 비행체임을 현장 수요자 입'
    +v9   PPS-DEV-130    label=0  '구매내역 팬텀 외 7종(규격서 참조)'
    +v9   PPS-DEV-152    label=0  'BRISTOL COMPRESSORS 원제조자인 KULTHORN KIRBY社에서 발행하는 제조자증명서 또는 원제조자와 공급자 간의 판매대리점 계약서 또는 판매대리점'
== dev·int8①: 판정 변경 2건 {(1, '0'): 2} · 근거 문구 변경 2건 · 근거 요건 위반 0건 · 시간 4.8s→4.8s
    +v9   PPS-DEV-082    label=0  '제안업체는 비행체(탑재장비 일체 포함)의 형상, 모델명 및 일련번호를 제안서에 명시하여야 하며'
    +v9   PPS-DEV-130    label=0  '구매내역 팬텀 외 7종(규격서 참조)'
== dev·int8②: 판정 변경 2건 {(1, '0'): 2} · 근거 문구 변경 2건 · 근거 요건 위반 0건 · 시간 4.8s→4.8s
    +v9   PPS-DEV-082    label=0  '제안업체는 비행체(탑재장비 일체 포함)의 형상, 모델명 및 일련번호를 제안서에 명시하여야 하며'
    +v9   PPS-DEV-130    label=0  '구매내역 팬텀 외 7종(규격서 참조)'
== 750·4bit: 판정 변경 7건 {(1, '0'): 1, (1, '-'): 6} · 근거 문구 변경 7건 · 근거 요건 위반 0건 · 시간 17.1s→17.2s
    +v9   PPS-D-001072   label=-  '2) 향후 냉난방기의 효율적 유지관리를 위해 당해 현장에 납품 및 설치되는 냉난방기는 제조사를 통일하여 납품/설치한다.'
    +v9   PPS-D-001718   label=-  '모델을 본 장비에서 렌더링·[기관(고등학교)] 출력·제작 가능형태로 변환하여 3D프린터 등 장비로 전달할'
    +v9   PPS-D-003158   label=-  '브랜드, 이름 포함 작성'
    +v9   PPS-D-004379   label=-  '도입되는 장비에 대한 제조사 정품 확인을 위하여, 입찰 시 제조사 기술지원 확약서, 물품공급 확약서 등 공인 자료를 제출하여야 함'
    +v9   PPS-D-008716   label=-  '다. 공급 자재 규격서(각 물품의 제작사명, 모델명, 규격 등을 표기 할 것.)'
    +v9   PPS-D-018661   label=-  '나. 제조사 정품공급확약서, 제조사 기술지원확약서 제출 필수'
    +v9   PPS-D-019259   label=0  '※ 본 구매는 「환경부고시 제2025-165호」 규정에 따라 형식인증을 받고, 기 설치된 실외기 모델에 부착 가능한 가스열펌프(GHP) 배출가스 저감장치의 납품 '
== 750·int8: 판정 변경 10건 {(1, '-'): 10} · 근거 문구 변경 10건 · 근거 요건 위반 0건 · 시간 17.1s→17.1s
    +v9   PPS-D-001072   label=-  '2) 향후 냉난방기의 효율적 유지관리를 위해 당해 현장에 납품 및 설치되는 냉난방기는 제조사를 통일하여 납품/설치한다.'
    +v9   PPS-D-003158   label=-  '브랜드, 이름 포함 작성'
    +v9   PPS-D-004628   label=-  '단 센서는 바닥센서로 제한한다'
    +v9   PPS-D-007443   label=-  '⑫ 제조사와의 공급계약서 (대리점일 경우) 1부'
    +v9   PPS-D-008716   label=-  '다. 공급 자재 규격서(각 물품의 제작사명, 모델명, 규격 등을 표기 할 것.)'
    +v9   PPS-D-009819   label=-  '가. 1순위 계약 상대자로 선정된 후 5일 이내 제조사 또는 총판사의 공급자증명원 공인파트너 증빙서류를'
    +v9   PPS-D-016058   label=-  '⑨ 등기구는 [수요기관(의료기관)]에서 사용중인 제조사의 동일 제품을 승인 후 시공한다.'
    +v9   PPS-D-018661   label=-  '나. 제조사 정품공급확약서, 제조사 기술지원확약서 제출 필수'
    +v9   PPS-D-018934   label=-  '- 견적서(산출내역서)의 견적금액은 품목별 상세내역(제조사 및 제조번호 포함)으로 제시하고 부가가치세를 포함한 총액으로 표시 하여 제출(대표자 인감 또는 사용인감'
    +v9   PPS-D-021786   label=-  '| 모델명 |'
