/Users/seungwookim/Code/edu/SeSac/contest/DACON_KONEPS/.venv/lib/python3.13/site-packages/transformers/audio_utils.py:821: UserWarning: At least one mel filter has all zero values. The value for `num_mel_filters` (128) may be set too high. Or, the value for `num_frequency_bins` (257) may be set too low.
  warnings.warn(
[eval_extract] [main] 생성 대상 172건 (저장됨 0건)
[eval_extract]   [main] 10/172 … 165s (tok=5053)
[eval_extract]   [main] 20/172 … 348s (tok=5216)
[eval_extract]   [main] 30/172 … 542s (tok=5185)
[eval_extract]   [main] 40/172 … 727s (tok=4025)
[eval_extract]   [main] 50/172 … 911s (tok=3385)
[eval_extract]   [main] 60/172 … 1147s (tok=3733)
[eval_extract]   [main] 70/172 … 1371s (tok=4308)
[eval_extract]   [main] 80/172 … 1581s (tok=5498)
[eval_extract]   [main] 90/172 … 1794s (tok=5753)
[eval_extract]   [main] 100/172 … 2005s (tok=4674)
[eval_extract]   [main] 110/172 … 2181s (tok=4037)
[eval_extract]   [main] 120/172 … 2351s (tok=3121)
[eval_extract]   [main] 130/172 … 2523s (tok=1839)
[eval_extract]   [main] 140/172 … 2703s (tok=3956)
[eval_extract]   [main] 150/172 … 2871s (tok=4225)
[eval_extract]   [main] 160/172 … 3032s (tok=4040)
[eval_extract]   [main] 170/172 … 3213s (tok=3985)
[eval_extract]   [main] 172/172 … 3247s (tok=4358)
[eval_extract] [item] 생성 대상 97건 (저장됨 0건)
[eval_extract]   [item] 10/97 … 62s (tok=1879)
[eval_extract]   [item] 20/97 … 126s (tok=2817)
[eval_extract]   [item] 30/97 … 188s (tok=2719)
[eval_extract]   [item] 40/97 … 253s (tok=2692)
[eval_extract]   [item] 50/97 … 311s (tok=2318)
[eval_extract]   [item] 60/97 … 421s (tok=2786)
[eval_extract]   [item] 70/97 … 537s (tok=2790)
[eval_extract]   [item] 80/97 … 675s (tok=2856)
[eval_extract]   [item] 90/97 … 834s (tok=2277)
[eval_extract]   [item] 97/97 … 942s (tok=2817)
[eval_extract] [model] 생성 대상 55건 (저장됨 0건)
[eval_extract]   [model] 10/55 … 68s (tok=709)
[eval_extract]   [model] 20/55 … 84s (tok=788)
[eval_extract]   [model] 30/55 … 95s (tok=466)
[eval_extract]   [model] 40/55 … 107s (tok=314)
[eval_extract]   [model] 50/55 … 120s (tok=385)
[eval_extract]   [model] 55/55 … 125s (tok=360)
[eval_extract] [sme] 생성 대상 172건 (저장됨 0건)
[eval_extract]   [sme] 10/172 … 90s (tok=4535)
[eval_extract]   [sme] 20/172 … 174s (tok=4986)
[eval_extract]   [sme] 30/172 … 309s (tok=5440)
[eval_extract]   [sme] 40/172 … 448s (tok=4176)
[eval_extract]   [sme] 50/172 … 565s (tok=2803)
[eval_extract]   [sme] 60/172 … 680s (tok=2987)
[eval_extract]   [sme] 70/172 … 789s (tok=3601)
[eval_extract]   [sme] 80/172 … 909s (tok=4700)
/Users/seungwookim/miniconda3/lib/python3.13/multiprocessing/resource_tracker.py:301: UserWarning: resource_tracker: There appear to be 1 leaked semaphore objects to clean up at shutdown: {'/mp-_buuhcvs'}
  warnings.warn(
