원본 출력 건수: {'main': 950, 'item': 592, 'model': 206, 'sme': 950, 'region': 950, 'perf': 950, 'goods': 258, 'judge': 950, 'judge_rag': 950}
judge: 파싱 실패 0건
judge_rag: 파싱 실패 1건

== dev 200건 항목별 F1 (TP/FP/FN) ==
item                rule         rule+perf        rule+goods             judge         or(judge)        and(judge)         judge_rag     or(judge_rag)    and(judge_rag)
v1          0.500(3/2/4)      0.500(3/2/4)      0.500(3/2/4)      0.526(5/7/2)      0.526(5/7/2)      0.500(3/2/4)      0.588(5/5/2)      0.588(5/5/2)      0.500(3/2/4)
v2          0.933(7/1/0)      0.778(7/4/0)      0.933(7/1/0)     0.400(5/13/2)     0.519(7/13/0)      0.769(5/1/2)     0.400(5/13/2)     0.519(7/13/0)      0.769(5/1/2)
v3          1.000(8/0/0)      1.000(8/0/0)      1.000(8/0/0)      0.588(5/4/3)      0.800(8/4/0)      0.769(5/0/3)      0.500(4/4/4)      0.800(8/4/0)      0.667(4/0/4)
v4          0.833(5/1/1)      0.769(5/2/1)      0.833(5/1/1)      0.286(2/6/4)      0.556(5/7/1)      0.500(2/0/4)      0.429(3/5/3)      0.588(5/6/1)      0.667(3/0/3)
v5          1.000(7/0/0)      1.000(7/0/0)      1.000(7/0/0)      0.167(1/4/6)      0.778(7/4/0)      0.250(1/0/6)      0.533(4/4/3)      0.778(7/4/0)      0.727(4/0/3)
v6          1.000(6/0/0)      1.000(6/0/0)      1.000(6/0/0)      0.286(1/0/5)      1.000(6/0/0)      0.286(1/0/5)      0.286(1/0/5)      1.000(6/0/0)      0.286(1/0/5)
v7          0.933(7/1/0)      0.933(7/1/0)      0.933(7/1/0)      0.600(3/0/4)      0.933(7/1/0)      0.600(3/0/4)      0.444(2/0/5)      0.933(7/1/0)      0.444(2/0/5)
v8          0.909(5/0/1)      0.833(5/1/1)      0.909(5/0/1)      0.667(5/4/1)      0.750(6/4/0)      0.800(4/0/2)      0.353(3/8/3)      0.600(6/8/0)      0.500(2/0/4)
v9         0.476(5/10/1)     0.476(5/10/1)     0.476(5/10/1)      0.286(1/0/5)     0.476(5/10/1)      0.286(1/0/5)      0.000(0/1/6)     0.476(5/10/1)      0.000(0/1/6)
v10         0.714(5/2/2)      0.714(5/2/2)      0.588(5/5/2)      0.000(0/0/7)      0.714(5/2/2)      0.000(0/0/7)      0.000(0/0/7)      0.714(5/2/2)      0.000(0/0/7)
v11         0.727(4/1/2)      0.727(4/1/2)      0.667(4/2/2)      0.000(0/0/6)      0.727(4/1/2)      0.000(0/0/6)      0.000(0/0/6)      0.727(4/1/2)      0.000(0/0/6)
v12         0.857(6/2/0)      0.857(6/2/0)      0.857(6/2/0)      0.471(4/7/2)      0.600(6/8/0)      0.727(4/1/2)      0.000(0/7/6)      0.600(6/8/0)      0.000(0/1/6)
v13         0.769(5/2/1)      0.769(5/2/1)      0.769(5/2/1)      0.000(0/2/6)      0.667(5/4/1)      0.000(0/0/6)      0.000(0/4/6)      0.588(5/6/1)      0.000(0/0/6)
v14         0.824(7/2/1)      0.824(7/2/1)      0.824(7/2/1)      0.000(0/2/8)      0.778(7/3/1)      0.000(0/1/8)      0.182(1/2/7)      0.737(7/4/1)      0.222(1/0/7)
v15         0.923(6/1/0)      0.923(6/1/0)      0.923(6/1/0)     0.357(5/17/1)     0.400(6/18/0)      0.909(5/0/1)     0.303(5/22/1)     0.343(6/23/0)      0.909(5/0/1)
v16         0.769(5/2/1)      0.769(5/2/1)      0.769(5/2/1)      0.000(0/3/6)      0.667(5/4/1)      0.000(0/1/6)      0.000(0/1/6)      0.769(5/2/1)      0.000(0/1/6)
v17         0.769(5/2/1)      0.769(5/2/1)      0.769(5/2/1)     0.111(1/11/5)     0.455(5/11/1)      0.222(1/2/5)     0.222(2/10/4)     0.476(5/10/1)      0.400(2/2/4)
v18         0.857(6/1/1)      0.857(6/1/1)      0.857(6/1/1)      0.000(0/0/7)      0.857(6/1/1)      0.000(0/0/7)      0.000(0/2/7)      0.750(6/3/1)      0.000(0/0/7)
v19         0.909(5/0/1)      0.909(5/0/1)      0.909(5/0/1)      0.615(4/3/2)      0.800(6/3/0)      0.667(3/0/3)      0.588(5/6/1)      0.667(6/6/0)      0.800(4/0/2)
v20         1.000(5/0/0)      1.000(5/0/0)      1.000(5/0/0)      0.800(4/1/1)      0.909(5/1/0)      0.889(4/0/1)      0.571(2/0/3)      1.000(5/0/0)      0.571(2/0/3)
v21         1.000(6/0/0)      1.000(6/0/0)      1.000(6/0/0)      0.444(2/1/4)      0.923(6/1/0)      0.500(2/0/4)      0.500(2/0/4)      1.000(6/0/0)      0.500(2/0/4)
v22         1.000(5/0/0)      1.000(5/0/0)      1.000(5/0/0)      0.909(5/1/0)      0.909(5/1/0)      1.000(5/0/0)      0.909(5/1/0)      0.909(5/1/0)      1.000(5/0/0)
v23         0.909(5/1/0)      0.909(5/1/0)      0.909(5/1/0)     0.182(2/15/3)     0.385(5/16/0)      0.571(2/0/3)     0.222(2/11/3)     0.455(5/12/0)      0.571(2/0/3)
v24         0.571(4/2/4)      0.571(4/2/4)      0.571(4/2/4)      0.118(1/8/7)      0.381(4/9/4)      0.200(1/1/7)      0.154(1/4/7)      0.471(4/5/4)      0.200(1/1/7)
macro             0.8410            0.8287            0.8333            0.3255            0.6879            0.4352            0.2994            0.6870            0.4056

교차검증[rule 계열만] 0.8313 (A→B 0.8456 · B→A 0.8170)
  dev 전체로 고른 항목별 판정원: 

교차검증[전체] 0.8046 (A→B 0.8004 · B→A 0.8087)
  dev 전체로 고른 항목별 판정원: v1=judge_rag

[judge] 교차검증 0.8116 · dev 전체 선택 0.8421
JUDGE_VARIANT = "plain"
JUDGE_POLICY = {"v1": "judge", "v2": "rule", "v3": "rule", "v4": "rule", "v5": "rule", "v6": "rule", "v7": "rule", "v8": "rule", "v9": "rule", "v10": "rule", "v11": "rule", "v12": "rule", "v13": "rule", "v14": "rule", "v15": "rule", "v16": "rule", "v17": "rule", "v18": "rule", "v19": "rule", "v20": "rule", "v21": "rule", "v22": "rule", "v23": "rule", "v24": "rule"}

[judge_rag] 교차검증 0.8183 · dev 전체 선택 0.8447
JUDGE_VARIANT = "rag"
JUDGE_POLICY = {"v1": "judge", "v2": "rule", "v3": "rule", "v4": "rule", "v5": "rule", "v6": "rule", "v7": "rule", "v8": "rule", "v9": "rule", "v10": "rule", "v11": "rule", "v12": "rule", "v13": "rule", "v14": "rule", "v15": "rule", "v16": "rule", "v17": "rule", "v18": "rule", "v19": "rule", "v20": "rule", "v21": "rule", "v22": "rule", "v23": "rule", "v24": "rule"}

== 무라벨 750건 · 손라벨 쌍 226 ==
판정원                  양성     규칙 대비 +     -            손라벨 쌍 정밀도(맞음/라벨있음)
rule                220           0     0   전체 127/155 · 새 양성 0/0
rule+perf           225           5     0   전체 127/155 · 새 양성 0/0
rule+goods          223           5     2   전체 127/155 · 새 양성 0/0
judge               333         302   189   전체 18/27 · 새 양성 1/6
or(judge)           522         302     0   전체 128/161 · 새 양성 1/6
and(judge)           31           0   189   전체 17/21 · 새 양성 0/0
judge_rag           313         275   182   전체 24/33 · 새 양성 1/6
or(judge_rag)       495         275     0   전체 128/161 · 새 양성 1/6
and(judge_rag)       38           0   182   전체 23/27 · 새 양성 0/0
